
Cyclomatic Complexity:
  MyParser: 5
  MyVerifyChecksum: 1
  MyComputeChecksum: 1
  MyIngress: 4
  MyEgress: 1
  MyDeparser: 1

Halstead Metrics:
  Unique Operators: 24
  Unique Operands: 45
  Total Operators: 105
  Total Operands: 109
  Vocabulary: 69
  Length: 214
  Difficulty: 29.0667
  Volume: 1307.22
  Effort: 37996.7
  Estimated Bugs: 0.435741

Unused Code Instances:
  Program Structure:
	Actions: 2
	Functions: 3
	Parser states: 1
  Declarations:
	Variables: 9
	Enums: 1
  Other:
	Conditionals: 4
	Parameters: 4
	Returns: 3

Nesting Depth Metrics:
  Average: 1.33333
  Global Max: 2
  Individual blocks: 
	MyParser: 2
	MyVerifyChecksum: 1
	MyComputeChecksum: 1
	MyIngress: 2
	MyEgress: 1
	MyDeparser: 1

Header Metrics:
  Total Headers: 3
  Avg Fields Per Header: 7.66667
  Avg Field Size: 25.7391
  Per-header metrics:
	Ethernet_t:
	  Fields: 3
	  Fields size sum: 112
	IPv4_t:
	  Fields: 12
	  Fields size sum: 160
	IPv6_t:
	  Fields: 8
	  Fields size sum: 320

Header Manipulation Metrics:
  Total Operations: 4
  Total Size: 912
  Per-packet metrics:
	ethernet:
	  Operations: 1
	  Size: 112
	ethernet-ipv4:
	  Operations: 2
	  Size: 272
	ethernet-ipv6:
	  Operations: 3
	  Size: 752

Header Modification Metrics:
  Total Operations: 7
  Total Size: 92
  Per-packet metrics:
	ethernet:
	  Operations: 1
	  Size: 48
	ethernet-ipv4:
	  Operations: 6
	  Size: 84
	ethernet-ipv6:
	  Operations: 2
	  Size: 56

Match-Action Table Metrics:
  Number of Tables: 0
  Total Keys: 0
  Total Key Size: 0
  Avg Key Size: 0
  Avg Keys Per Table: 0
  Max Keys Per Table: 0
  Total Actions: 0
  Avg Actions Per Table: 0
  Max Actions Per Table: 0
  Per-table Metrics:

Parser Metrics:
  States: 5
  Per-parser complexities:
	start: 4
	parse_ipv4: 2
	parse_ipv6: 1
	accept: 1
	reject: 1

Extern Metrics:
  Extern Functions: 24
  Function Calls: 8
  Extern Structures: 10
  Structure Uses: 6

Number of Inlined Actions: 1
