
Cyclomatic Complexity:
  ParserImpl: 3
  ingress: 5
  egress: 1
  DeparserImpl: 1
  verifyChecksum: 1
  computeChecksum: 1

Halstead Metrics:
  Unique Operators: 28
  Unique Operands: 93
  Total Operators: 297
  Total Operands: 347
  Vocabulary: 121
  Length: 644
  Difficulty: 52.2366
  Volume: 4455.75
  Effort: 232753
  Estimated Bugs: 1.48525

Unused Code Instances:
  Program Structure:
	Actions: 0
	Functions: 0
	Parser states: 2
  Declarations:
	Variables: 0
	Enums: 0
  Other:
	Conditionals: 0
	Parameters: 0
	Returns: 0

Nesting Depth Metrics:
  Average: 1.33333
  Global Max: 2
  Individual blocks: 
	ParserImpl: 2
	ingress: 2
	egress: 1
	DeparserImpl: 1
	verifyChecksum: 1
	computeChecksum: 1

Header Metrics:
  Total Headers: 5
  Avg Fields Per Header: 5.6
  Avg Field Size: 13.1429
  Per-header metrics:
	ethernet_t:
	  Fields: 3
	  Fields size sum: 112
	custom_t:
	  Fields: 16
	  Fields size sum: 136
	ipv4_new_t:
	  Fields: 5
	  Fields size sum: 96
	stack_elem_t:
	  Fields: 2
	  Fields size sum: 16
	bar_t:
	  Fields: 2
	  Fields size sum: 8

Header Manipulation Metrics:
  Total Operations: 11
  Total Size: 872
  Per-packet metrics:
	ethernet:
	  Operations: 2
	  Size: 224
	ethernet-custom:
	  Operations: 6
	  Size: 640

Header Modification Metrics:
  Total Operations: 23
  Total Size: 424
  Per-packet metrics:
	ethernet-custom:
	  Operations: 17
	  Size: 264

Match-Action Table Metrics:
  Number of Tables: 1
  Total Keys: 10
  Total Key Size: 225
  Avg Key Size: 22.5
  Avg Keys Per Table: 10
  Max Keys Per Table: 10
  Total Actions: 3
  Avg Actions Per Table: 3
  Max Actions Per Table: 3
  Per-table Metrics:
  custom_table:
	 Actions: 3
	 Keys: 10
	 Key size sum: 225

Parser Metrics:
  States: 5
  Per-parser complexities:
	start: 3
	parse_custom: 1
	parse_done: 1
	accept: 1
	reject: 1

Extern Metrics:
  Extern Functions: 24
  Function Calls: 15
  Extern Structures: 10
  Structure Uses: 13

Number of Inlined Actions: 0
